
=== environment ===
PRETTY_NAME="Ubuntu 24.04.5 LTS"
aarch64
apt rc=0
extracted make_points.py
extracted bench.py
extracted demo.map
extracted mapserver.conf
extracted apache-plain.conf
extracted apache-fcgi.conf
extracted cmd-gs-install.sh
extracted cmd-data.sh
extracted cmd-ms-version.sh
extracted cmd-ms-standalone.sh
extracted cmd-apache-plain.sh
extracted cmd-apache-fcgi.sh
extracted cmd-ps.sh
extracted url-ms-getmap.txt
extracted cmd-bench-gs.sh

=== 4.1 checks ===
MapServer version 8.0.1
SUPPORTS=WMS_SERVER
SUPPORTS=FASTCGI
AH00558: apache2: Could not reliably determine the server's fully qualified domain name, using 172.17.0.2. Set the 'ServerName' directive globally to suppress this message
Syntax OK

=== 5.1 data (page's own commands) ===
wrote points.geojson with 5000 points
Feature Count: 5000

=== 4.2 error table: what each situation really gives ===
no file anywhere:                       msLoadConfig(): Unable to access file. See mapserver.org/mapfile/config.html for more information.
file at /etc/mapserver.conf, no env:    <WMS_Capabilities
file elsewhere, env not set:            msLoadConfig(): Unable to access file. See mapserver.org/mapfile/config.html for more information.
file elsewhere, env set:                <WMS_Capabilities
path outside MS_MAP_PATTERN:            msCGILoadMap(): Web application error. CGI variable &quot;map&quot; fails to validate.

=== 4.3 step 1 (page's command) ===
<?xml version='1.0' encoding="UTF-8" standalone="no" ?>
<WMS_Capabilities version="1.3.0"  xmlns="http://www.opengis.net/wms"   xmlns:sld="http://www.opengis.net/sld"   xmlns:x
<Service>
layer 'points' named in capabilities: 1

=== 4.3 step 2 (Apache, plain CGI; page's commands + conf) ===
Enabling module cgid.
To activate the new configuration, you need to run:
  service apache2 restart
Enabling conf mapserver.
To activate the new configuration, you need to run:
  service apache2 reload
Syntax OK
 cgid_module (shared)
 fcgid_module (shared)
--- step 3: GetMap through Apache
200 image/png 250393
/work/cgi.png: PNG image data, 768 x 768, 8-bit/color RGB, non-interlaced
--- bench.py, plain CGI (x3)
requests=80 errors=0 wall_s=1.13 throughput=70.7 req/s
latency_ms p50=55 p95=70 max=71 avg_bytes=250393
requests=80 errors=0 wall_s=1.17 throughput=68.4 req/s
latency_ms p50=55 p95=67 max=77 avg_bytes=250393
requests=80 errors=0 wall_s=1.06 throughput=75.8 req/s
latency_ms p50=53 p95=54 max=55 avg_bytes=250393

=== 4.4 FastCGI (page's conf + commands) ===
Enabling conf mapserver-fcgi.
To activate the new configuration, you need to run:
  service apache2 reload
Syntax OK
200 image/png 250393
/work/fcgi.png: PNG image data, 768 x 768, 8-bit/color RGB, non-interlaced
--- bench.py, FastCGI (x3)
requests=80 errors=0 wall_s=1.58 throughput=50.5 req/s
latency_ms p50=26 p95=33 max=1088 avg_bytes=250393
requests=80 errors=0 wall_s=1.55 throughput=51.6 req/s
latency_ms p50=26 p95=28 max=1065 avg_bytes=250393
requests=80 errors=0 wall_s=1.53 throughput=52.3 req/s
latency_ms p50=26 p95=30 max=1062 avg_bytes=250393
--- processes after load (page's command):
   5129 44652 /usr/lib/cgi-bin/mapserv.fcgi
   5137 44248 /usr/lib/cgi-bin/mapserv.fcgi
   5138 44416 /usr/lib/cgi-bin/mapserv.fcgi

=== DONE ===
